{
    "default-src": "'none'",
    "script-src": "'none'",
    "object-src": "'none'",
    "style-src": "'none'",
    "img-src": "'none'",
    "media-src": "'none'",
    "frame-src": "'none'",
    "font-src": "'none'",
    "connect-src": [
        "'self'"
    ]
}