{
    "default-src": "'none'",
    "script-src": [
        "https://isup.me"
    ],
    "img-src": [
        "http://isup.me"
    ],
    "connect-src": [
        "'self'"
    ]
}