{
    "script-src": [
        "https://ajax.googleapis.com/",
        "https://maxcdn.bootstrapcdn.com/"
    ],
    "object-src": [],
    "style-src": [
        "https://ajax.googleapis.com/",
        "https://maxcdn.bootstrapcdn.com/"
    ],
    "img-src": [],
    "media-src": [],
    "frame-src": [],
    "font-src": [],
    "connect-src": []
}